<html>
<body>
<pre>
<h1>µVision Build Log</h1>
<h2>Tool Versions:</h2>
IDE-Version: ¦ÌVision V5.38.0.0
Copyright (C) 2022 ARM Ltd and ARM Germany GmbH. All rights reserved.
License Information: 111 liuao, 111, LIC=VGXG8-3PIQW-TGC7T-RA4N0-G59IN-UXTAP
 
Tool Versions:
Toolchain:       MDK-ARM Plus  Version: 5.38.0.0
Toolchain Path:  D:\SoftWare\MDK\ARM\V5_Compile\Bin
C Compiler:      Armcc.exe V5.06 update 7 (build 960)
Assembler:       Armasm.exe V5.06 update 7 (build 960)
Linker/Locator:  ArmLink.exe V5.06 update 7 (build 960)
Library Manager: ArmAr.exe V5.06 update 7 (build 960)
Hex Converter:   FromElf.exe V5.06 update 7 (build 960)
CPU DLL:         SARMCM3.DLL V5.38.0.0
Dialog DLL:      DCM.DLL V1.17.5.0
Target DLL:      STLink\ST-LINKIII-KEIL_SWO.dll V3.1.0.0
Dialog DLL:      TCM.DLL V1.56.4.0
 
<h2>Project:</h2>
E:\MY_CODE\CubeMX\0-×Ô¼º±àÐ´\2.UART\STM32F103C8T6\MDK-ARM\STM32F103C8T6.uvprojx
Project File Date:  02/02/2024

<h2>Output:</h2>
*** Using Compiler 'V5.06 update 7 (build 960)', folder: 'D:\SoftWare\MDK\ARM\V5_Compile\Bin'
Build target 'STM32F103C8T6'
assembling startup_stm32f103xb.s...
compiling stm32f1xx_hal_pcd_ex.c...
compiling stm32f1xx_it.c...
compiling stm32f1xx_hal.c...
compiling stm32f1xx_hal_rcc_ex.c...
compiling stm32f1xx_hal_gpio_ex.c...
compiling stm32f1xx_ll_usb.c...
compiling main.c...
compiling stm32f1xx_hal_msp.c...
compiling gpio.c...
compiling stm32f1xx_hal_pcd.c...
compiling stm32f1xx_hal_rcc.c...
compiling stm32f1xx_hal_gpio.c...
compiling stm32f1xx_hal_usart.c...
compiling stm32f1xx_hal_pwr.c...
compiling stm32f1xx_hal_dma.c...
compiling stm32f1xx_hal_cortex.c...
compiling stm32f1xx_hal_tim_ex.c...
compiling stm32f1xx_hal_exti.c...
compiling stm32f1xx_hal_uart.c...
compiling stm32f1xx_hal_flash_ex.c...
compiling system_stm32f1xx.c...
compiling stm32f1xx_hal_flash.c...
compiling usb_device.c...
compiling stm32f1xx_hal_tim.c...
compiling tim1.c...
compiling usbd_desc.c...
compiling key.c...
compiling usbd_ioreq.c...
compiling usbd_cdc_if.c...
compiling systemclk.c...
..\BspDriver\SYSTEMCLK\systemclk.c(61): warning:  #550-D: variable "RCC_ClkInit"  was set but never used
  	RCC_ClkInitTypeDef	RCC_ClkInit= {0};
..\BspDriver\SYSTEMCLK\systemclk.c: 1 warning, 0 errors
compiling usart1.c...
compiling usbd_core.c...
compiling usbd_ctlreq.c...
compiling usbd_cdc.c...
compiling usbd_conf.c...
linking...
Program Size: Code=13604 RO-data=276 RW-data=396 ZI-data=5868  
FromELF: creating hex file...
"STM32F103C8T6\STM32F103C8T6.axf" - 0 Error(s), 1 Warning(s).

<h2>Software Packages used:</h2>

Package Vendor: ARM
                http://www.keil.com/pack/ARM.CMSIS.5.9.0.pack
                ARM.CMSIS.5.9.0
                CMSIS (Common Microcontroller Software Interface Standard)
   * Component: CORE Version: 5.6.0

Package Vendor: Keil
                http://www.keil.com/pack/Keil.STM32F1xx_DFP.1.0.5.pack
                Keil.STM32F1xx_DFP.1.0.5
                STMicroelectronics STM32F1 Series Device Support, Drivers and Examples

<h2>Collection of Component include folders:</h2>
  ./RTE/_STM32F103C8T6
  D:/SoftWare/MDK/ARM/PACK/ARM/CMSIS/5.9.0/CMSIS/Core/Include
  D:/SoftWare/MDK/ARM/PACK/Keil/STM32F1xx_DFP/1.0.5/Device/Include

<h2>Collection of Component Files used:</h2>

   * Component: ARM::CMSIS:CORE:5.6.0
      Include file:  CMSIS/Core/Include/tz_context.h
Build Time Elapsed:  00:00:09
</pre>
</body>
</html>
