<html>
<body>
<pre>
<h1>�Vision Build Log</h1>
<h2>Tool Versions:</h2>
IDE-Version: ��Vision V5.38.0.0
Copyright (C) 2022 ARM Ltd and ARM Germany GmbH. All rights reserved.
License Information: 111 liuao, 111, LIC=VGXG8-3PIQW-TGC7T-RA4N0-G59IN-UXTAP
 
Tool Versions:
Toolchain:       MDK-ARM Plus  Version: 5.38.0.0
Toolchain Path:  D:\SoftWare\MDK\ARM\V5_Compile\Bin
C Compiler:      Armcc.exe V5.06 update 7 (build 960)
Assembler:       Armasm.exe V5.06 update 7 (build 960)
Linker/Locator:  ArmLink.exe V5.06 update 7 (build 960)
Library Manager: ArmAr.exe V5.06 update 7 (build 960)
Hex Converter:   FromElf.exe V5.06 update 7 (build 960)
CPU DLL:         SARMCM3.DLL V5.38.0.0
Dialog DLL:      DCM.DLL V1.17.5.0
Target DLL:      Segger\JL2CM3.dll V2.99.42.0
Dialog DLL:      TCM.DLL V1.56.4.0
 
<h2>Project:</h2>
c:\Users\liuao\Desktop\E_Board\E_Board-C8T6\MDK-ARM\E_Board-C8T6.uvprojx
Project File Date:  09/25/2023

<h2>Output:</h2>
*** Using Compiler 'V5.06 update 7 (build 960)', folder: 'D:\SoftWare\MDK\ARM\V5_Compile\Bin'
Build target 'E_Board-C8T6'
compiling uart1_232.c...
..\PublicDriver\UART1_232\uart1_232.c(103): warning:  #69-D: integer conversion resulted in truncation
  					uart1_send_ask_buf[1] = UART1_FRAME_HANDER;
..\PublicDriver\UART1_232\uart1_232.c(101): warning:  #550-D: variable "uart1_send_ask_buf"  was set but never used
  					uint8_t uart1_send_ask_buf[20];		 /* ROS询问帧返回的数据 */
..\PublicDriver\UART1_232\uart1_232.c(121): warning:  #69-D: integer conversion resulted in truncation
  			uart1_send_data_buf[1] = UART1_FRAME_HANDER;
..\PublicDriver\UART1_232\uart1_232.c: 3 warnings, 0 errors
linking...
Program Size: Code=7864 RO-data=312 RW-data=64 ZI-data=1960  
FromELF: creating hex file...
"E_Board-C8T6\E_Board-C8T6.axf" - 0 Error(s), 3 Warning(s).

<h2>Software Packages used:</h2>

Package Vendor: ARM
                http://www.keil.com/pack/ARM.CMSIS.5.9.0.pack
                ARM.CMSIS.5.9.0
                CMSIS (Common Microcontroller Software Interface Standard)
   * Component: CORE Version: 5.6.0

Package Vendor: Keil
                http://www.keil.com/pack/Keil.STM32F1xx_DFP.1.0.5.pack
                Keil.STM32F1xx_DFP.1.0.5
                STMicroelectronics STM32F1 Series Device Support, Drivers and Examples

<h2>Collection of Component include folders:</h2>
  ./RTE/_E_Board-C8T6
  D:/SoftWare/MDK/ARM/PACK/ARM/CMSIS/5.9.0/CMSIS/Core/Include
  D:/SoftWare/MDK/ARM/PACK/Keil/STM32F1xx_DFP/1.0.5/Device/Include

<h2>Collection of Component Files used:</h2>

   * Component: ARM::CMSIS:CORE:5.6.0
      Include file:  CMSIS/Core/Include/tz_context.h
Build Time Elapsed:  00:00:02
</pre>
</body>
</html>
